wrote LocalServer.lua  types=398 mods=68 lines=486
cmd ¸²¸Ç:
  mod 0     4 cmds
  mod 10   11 cmds
  mod 11   17 cmds
  mod 12    5 cmds
  mod 13   26 cmds
  mod 14    4 cmds
  mod 15    1 cmds
  mod 16   12 cmds
  mod 17    9 cmds
  mod 19   12 cmds
  mod 21    2 cmds
  mod 22   12 cmds
  mod 23    3 cmds
  mod 24    8 cmds
  mod 25    3 cmds
  mod 26   17 cmds
  mod 27    7 cmds
  mod 28    2 cmds
  mod 29    5 cmds
  mod 30    5 cmds
  mod 31    3 cmds
  mod 40    2 cmds
  mod 44    2 cmds
  mod 45    9 cmds
  mod 46    2 cmds
  mod 47   40 cmds
  mod 48   10 cmds
  mod 49   22 cmds
  mod 50    5 cmds
  mod 51    3 cmds
  mod 52    2 cmds
  mod 53    3 cmds
  mod 54    3 cmds
  mod 55    2 cmds
  mod 56    9 cmds
  mod 57    3 cmds
  mod 58    3 cmds
  mod 59    2 cmds
  mod 60    3 cmds
  mod 61    7 cmds
  mod 62    3 cmds
  mod 63    2 cmds
  mod 64    2 cmds
  mod 65    2 cmds
  mod 66    3 cmds
  mod 67    2 cmds
  mod 68    2 cmds
  mod 69    2 cmds
  mod 70    4 cmds
  mod 73    7 cmds
  mod 74    4 cmds
  mod 75   11 cmds
  mod 76    5 cmds
  mod 78    2 cmds
  mod 79    3 cmds
  mod 80    2 cmds
  mod 81    3 cmds
  mod 82    5 cmds
  mod 83    2 cmds
  mod 84    1 cmds
  mod 85    3 cmds
  mod 86    9 cmds
  mod 87   13 cmds
  mod 90    2 cmds
  mod 91    3 cmds
  mod 92    2 cmds
  mod 158   6 cmds
  mod 159   2 cmds
