MsgAccount             mod=10    cmds=11   types=9
MsgActivity            mod=None  cmds=0    types=4
MsgActivitycharge      mod=90    cmds=2    types=2
MsgArena               mod=24    cmds=8    types=12
MsgArtifact            mod=45    cmds=9    types=9
MsgBattle              mod=22    cmds=12   types=9
MsgBlessing            mod=69    cmds=2    types=3
MsgBox                 mod=54    cmds=3    types=5
MsgChargerank          mod=59    cmds=2    types=3
MsgChargereturn        mod=83    cmds=2    types=2
MsgChat                mod=15    cmds=1    types=2
MsgCheapbuy            mod=64    cmds=2    types=3
MsgCom                 mod=None  cmds=0    types=0
MsgCommon              mod=None  cmds=0    types=3
MsgConsumerank         mod=55    cmds=2    types=3
MsgCost                mod=None  cmds=0    types=5
MsgCultivate           mod=76    cmds=5    types=6
MsgCultivateshop       mod=81    cmds=3    types=4
MsgCurrency            mod=None  cmds=0    types=3
MsgDemog               mod=26    cmds=17   types=14
MsgDeposit             mod=31    cmds=3    types=4
MsgDumpling            mod=50    cmds=5    types=3
MsgEgg                 mod=52    cmds=2    types=7
MsgElite               mod=61    cmds=7    types=6
MsgEmail               mod=17    cmds=9    types=9
MsgEmblem              mod=23    cmds=3    types=2
MsgEquip               mod=56    cmds=9    types=6
MsgEquipgift           mod=65    cmds=2    types=4
MsgExchange            mod=80    cmds=2    types=3
MsgExchangeshop        mod=85    cmds=3    types=4
MsgExplore             mod=86    cmds=9    types=13
MsgFakegroupbuy        mod=51    cmds=3    types=3
MsgFight               mod=158   cmds=6    types=6
MsgFoolsday            mod=60    cmds=3    types=4
MsgFootball            mod=66    cmds=3    types=4
MsgGemroom             mod=70    cmds=4    types=4
MsgGift                mod=16    cmds=12   types=19
MsgGodreward           mod=73    cmds=7    types=6
MsgGroupbuy            mod=46    cmds=2    types=3
MsgHero                mod=13    cmds=26   types=14
MsgInvite              mod=25    cmds=3    types=2
MsgItem                mod=12    cmds=5    types=6
MsgJuhuasuan           mod=63    cmds=2    types=2
MsgKingsoft            mod=None  cmds=0    types=1
MsgMenpai              mod=47    cmds=40   types=42
MsgMonopoly            mod=75    cmds=11   types=7
MsgMoon                mod=74    cmds=4    types=8
MsgNewmonopoly         mod=87    cmds=13   types=12
MsgPlatform            mod=30    cmds=5    types=6
MsgPlayer              mod=11    cmds=17   types=15
MsgPoint               mod=21    cmds=2    types=5
MsgPreciousroom        mod=91    cmds=3    types=4
MsgPvp                 mod=29    cmds=5    types=6
MsgQingming            mod=62    cmds=3    types=5
MsgRaffle              mod=58    cmds=3    types=4
MsgRebirth             mod=27    cmds=7    types=5
MsgRecycle             mod=84    cmds=1    types=4
MsgReward              mod=159   cmds=2    types=6
MsgSecretshop          mod=57    cmds=3    types=4
MsgSlot                mod=78    cmds=2    types=5
MsgSms                 mod=44    cmds=2    types=1
MsgSociality           mod=19    cmds=12   types=4
MsgSupergift           mod=67    cmds=2    types=3
MsgSweethouse          mod=79    cmds=3    types=4
MsgSystem              mod=0     cmds=4    types=0
MsgTalisman            mod=49    cmds=22   types=11
MsgTarget              mod=28    cmds=2    types=2
MsgTask                mod=48    cmds=10   types=8
MsgTencent             mod=68    cmds=2    types=1
MsgTips                mod=40    cmds=2    types=2
MsgTreasure            mod=14    cmds=4    types=4
MsgTreasureroom        mod=53    cmds=3    types=4
MsgTurkey              mod=82    cmds=5    types=5
MsgVip                 mod=None  cmds=0    types=1
MsgWorldchat           mod=92    cmds=2    types=2

modules=75 types=406 -> C:\Users\nkq\Desktop\game\hakimi\05_¸ÄÔì\schema\protocol_schema.json
